[2024/05/23 08:55:37] test has begun their journey.
[2024/05/23 08:58:50] test has begun their journey.
